{
  "Id": 17008,
  "BusinessEntityId": "c11f6047-12d3-4796-8f2f-7c07cb7dffba",
  "OrganisationId": 114895,
  "FundingPeriod": "July",
  "FundingYear": 2021,
  "FundingPeriodYear": 2020,
  "IsZeroReturn": false,
  "RollStatus": "ExternalReturnedForEdit",
  "ReceivedDate": "2020-11-13T10:01:10.2139471+13:00",
  "RevisionNumber": 1,
  "RevisionDate": "2020-11-13T10:01:10.3451736+13:00",
  "AdvanceMonths": [
    {
      "MonthNumber": 7,
      "Year": 2020,
      "AllDay": 2,
      "Sessional": null,
      "ParentLed": null
    },
    {
      "MonthNumber": 8,
      "Year": 2020,
      "AllDay": 2,
      "Sessional": null,
      "ParentLed": null
    },
    {
      "MonthNumber": 9,
      "Year": 2020,
      "AllDay": 2,
      "Sessional": null,
      "ParentLed": null
    },
    {
      "MonthNumber": 10,
      "Year": 2020,
      "AllDay": 2,
      "Sessional": null,
      "ParentLed": null
    }
  ],
  "EntitlementMonths": [
    {
      "MonthNumber": 2,
      "Year": 2020,
      "Days": [
        {
          "DayNumber": 1,
          "Under2": null,
          "TwoAndOver": null,
          "Hours20": null,
          "Plus10": null,
          "Certificated": null,
          "NonCertificated": null
        },
        {
          "DayNumber": 2,
          "Under2": null,
          "TwoAndOver": null,
          "Hours20": null,
          "Plus10": null,
          "Certificated": null,
          "NonCertificated": null
        },
        {
          "DayNumber": 3,
          "Under2": null,
          "TwoAndOver": null,
          "Hours20": null,
          "Plus10": null,
          "Certificated": null,
          "NonCertificated": null
        },
        {
          "DayNumber": 4,
          "Under2": null,
          "TwoAndOver": null,
          "Hours20": null,
          "Plus10": null,
          "Certificated": null,
          "NonCertificated": null
        },
        {
          "DayNumber": 5,
          "Under2": null,
          "TwoAndOver": null,
          "Hours20": null,
          "Plus10": null,
          "Certificated": null,
          "NonCertificated": null
        },
        {
          "DayNumber": 6,
          "Under2": null,
          "TwoAndOver": null,
          "Hours20": null,
          "Plus10": null,
          "Certificated": null,
          "NonCertificated": null
        },
        {
          "DayNumber": 7,
          "Under2": null,
          "TwoAndOver": null,
          "Hours20": null,
          "Plus10": null,
          "Certificated": null,
          "NonCertificated": null
        },
        {
          "DayNumber": 8,
          "Under2": null,
          "TwoAndOver": null,
          "Hours20": null,
          "Plus10": null,
          "Certificated": null,
          "NonCertificated": null
        },
        {
          "DayNumber": 9,
          "Under2": null,
          "TwoAndOver": null,
          "Hours20": null,
          "Plus10": null,
          "Certificated": null,
          "NonCertificated": null
        },
        {
          "DayNumber": 10,
          "Under2": null,
          "TwoAndOver": null,
          "Hours20": null,
          "Plus10": null,
          "Certificated": null,
          "NonCertificated": null
        },
        {
          "DayNumber": 11,
          "Under2": null,
          "TwoAndOver": null,
          "Hours20": null,
          "Plus10": null,
          "Certificated": null,
          "NonCertificated": null
        },
        {
          "DayNumber": 12,
          "Under2": null,
          "TwoAndOver": null,
          "Hours20": null,
          "Plus10": null,
          "Certificated": null,
          "NonCertificated": null
        },
        {
          "DayNumber": 13,
          "Under2": null,
          "TwoAndOver": null,
          "Hours20": null,
          "Plus10": null,
          "Certificated": null,
          "NonCertificated": null
        },
        {
          "DayNumber": 14,
          "Under2": null,
          "TwoAndOver": null,
          "Hours20": null,
          "Plus10": null,
          "Certificated": null,
          "NonCertificated": null
        },
        {
          "DayNumber": 15,
          "Under2": null,
          "TwoAndOver": null,
          "Hours20": null,
          "Plus10": null,
          "Certificated": null,
          "NonCertificated": null
        },
        {
          "DayNumber": 16,
          "Under2": null,
          "TwoAndOver": null,
          "Hours20": null,
          "Plus10": null,
          "Certificated": null,
          "NonCertificated": null
        },
        {
          "DayNumber": 17,
          "Under2": null,
          "TwoAndOver": null,
          "Hours20": null,
          "Plus10": null,
          "Certificated": null,
          "NonCertificated": null
        },
        {
          "DayNumber": 18,
          "Under2": null,
          "TwoAndOver": null,
          "Hours20": null,
          "Plus10": null,
          "Certificated": null,
          "NonCertificated": null
        },
        {
          "DayNumber": 19,
          "Under2": null,
          "TwoAndOver": null,
          "Hours20": null,
          "Plus10": null,
          "Certificated": null,
          "NonCertificated": null
        },
        {
          "DayNumber": 20,
          "Under2": null,
          "TwoAndOver": null,
          "Hours20": null,
          "Plus10": null,
          "Certificated": null,
          "NonCertificated": null
        },
        {
          "DayNumber": 21,
          "Under2": null,
          "TwoAndOver": null,
          "Hours20": null,
          "Plus10": null,
          "Certificated": null,
          "NonCertificated": null
        },
        {
          "DayNumber": 22,
          "Under2": null,
          "TwoAndOver": null,
          "Hours20": null,
          "Plus10": null,
          "Certificated": null,
          "NonCertificated": null
        },
        {
          "DayNumber": 23,
          "Under2": null,
          "TwoAndOver": null,
          "Hours20": null,
          "Plus10": null,
          "Certificated": null,
          "NonCertificated": null
        },
        {
          "DayNumber": 24,
          "Under2": null,
          "TwoAndOver": null,
          "Hours20": null,
          "Plus10": null,
          "Certificated": null,
          "NonCertificated": null
        },
        {
          "DayNumber": 25,
          "Under2": null,
          "TwoAndOver": null,
          "Hours20": null,
          "Plus10": null,
          "Certificated": null,
          "NonCertificated": null
        },
        {
          "DayNumber": 26,
          "Under2": null,
          "TwoAndOver": null,
          "Hours20": null,
          "Plus10": null,
          "Certificated": null,
          "NonCertificated": null
        },
        {
          "DayNumber": 27,
          "Under2": null,
          "TwoAndOver": null,
          "Hours20": null,
          "Plus10": null,
          "Certificated": null,
          "NonCertificated": null
        },
        {
          "DayNumber": 28,
          "Under2": null,
          "TwoAndOver": null,
          "Hours20": null,
          "Plus10": null,
          "Certificated": null,
          "NonCertificated": null
        },
        {
          "DayNumber": 29,
          "Under2": null,
          "TwoAndOver": null,
          "Hours20": null,
          "Plus10": null,
          "Certificated": null,
          "NonCertificated": null
        }
      ]
    },
    {
      "MonthNumber": 3,
      "Year": 2020,
      "Days": [
        {
          "DayNumber": 1,
          "Under2": null,
          "TwoAndOver": null,
          "Hours20": null,
          "Plus10": null,
          "Certificated": null,
          "NonCertificated": null
        },
        {
          "DayNumber": 2,
          "Under2": null,
          "TwoAndOver": null,
          "Hours20": null,
          "Plus10": null,
          "Certificated": null,
          "NonCertificated": null
        },
        {
          "DayNumber": 3,
          "Under2": null,
          "TwoAndOver": null,
          "Hours20": null,
          "Plus10": null,
          "Certificated": null,
          "NonCertificated": null
        },
        {
          "DayNumber": 4,
          "Under2": null,
          "TwoAndOver": null,
          "Hours20": null,
          "Plus10": null,
          "Certificated": null,
          "NonCertificated": null
        },
        {
          "DayNumber": 5,
          "Under2": null,
          "TwoAndOver": null,
          "Hours20": null,
          "Plus10": null,
          "Certificated": null,
          "NonCertificated": null
        },
        {
          "DayNumber": 6,
          "Under2": null,
          "TwoAndOver": null,
          "Hours20": null,
          "Plus10": null,
          "Certificated": null,
          "NonCertificated": null
        },
        {
          "DayNumber": 7,
          "Under2": null,
          "TwoAndOver": null,
          "Hours20": null,
          "Plus10": null,
          "Certificated": null,
          "NonCertificated": null
        },
        {
          "DayNumber": 8,
          "Under2": null,
          "TwoAndOver": null,
          "Hours20": null,
          "Plus10": null,
          "Certificated": null,
          "NonCertificated": null
        },
        {
          "DayNumber": 9,
          "Under2": null,
          "TwoAndOver": null,
          "Hours20": null,
          "Plus10": null,
          "Certificated": null,
          "NonCertificated": null
        },
        {
          "DayNumber": 10,
          "Under2": null,
          "TwoAndOver": null,
          "Hours20": null,
          "Plus10": null,
          "Certificated": null,
          "NonCertificated": null
        },
        {
          "DayNumber": 11,
          "Under2": null,
          "TwoAndOver": null,
          "Hours20": null,
          "Plus10": null,
          "Certificated": null,
          "NonCertificated": null
        },
        {
          "DayNumber": 12,
          "Under2": null,
          "TwoAndOver": null,
          "Hours20": null,
          "Plus10": null,
          "Certificated": null,
          "NonCertificated": null
        },
        {
          "DayNumber": 13,
          "Under2": null,
          "TwoAndOver": null,
          "Hours20": null,
          "Plus10": null,
          "Certificated": null,
          "NonCertificated": null
        },
        {
          "DayNumber": 14,
          "Under2": null,
          "TwoAndOver": null,
          "Hours20": null,
          "Plus10": null,
          "Certificated": null,
          "NonCertificated": null
        },
        {
          "DayNumber": 15,
          "Under2": null,
          "TwoAndOver": null,
          "Hours20": null,
          "Plus10": null,
          "Certificated": null,
          "NonCertificated": null
        },
        {
          "DayNumber": 16,
          "Under2": null,
          "TwoAndOver": null,
          "Hours20": null,
          "Plus10": null,
          "Certificated": null,
          "NonCertificated": null
        },
        {
          "DayNumber": 17,
          "Under2": null,
          "TwoAndOver": null,
          "Hours20": null,
          "Plus10": null,
          "Certificated": null,
          "NonCertificated": null
        },
        {
          "DayNumber": 18,
          "Under2": null,
          "TwoAndOver": null,
          "Hours20": null,
          "Plus10": null,
          "Certificated": null,
          "NonCertificated": null
        },
        {
          "DayNumber": 19,
          "Under2": null,
          "TwoAndOver": null,
          "Hours20": null,
          "Plus10": null,
          "Certificated": null,
          "NonCertificated": null
        },
        {
          "DayNumber": 20,
          "Under2": null,
          "TwoAndOver": null,
          "Hours20": null,
          "Plus10": null,
          "Certificated": null,
          "NonCertificated": null
        },
        {
          "DayNumber": 21,
          "Under2": null,
          "TwoAndOver": null,
          "Hours20": null,
          "Plus10": null,
          "Certificated": null,
          "NonCertificated": null
        },
        {
          "DayNumber": 22,
          "Under2": null,
          "TwoAndOver": null,
          "Hours20": null,
          "Plus10": null,
          "Certificated": null,
          "NonCertificated": null
        },
        {
          "DayNumber": 23,
          "Under2": null,
          "TwoAndOver": null,
          "Hours20": null,
          "Plus10": null,
          "Certificated": null,
          "NonCertificated": null
        },
        {
          "DayNumber": 24,
          "Under2": null,
          "TwoAndOver": null,
          "Hours20": null,
          "Plus10": null,
          "Certificated": null,
          "NonCertificated": null
        },
        {
          "DayNumber": 25,
          "Under2": null,
          "TwoAndOver": null,
          "Hours20": null,
          "Plus10": null,
          "Certificated": null,
          "NonCertificated": null
        },
        {
          "DayNumber": 26,
          "Under2": null,
          "TwoAndOver": null,
          "Hours20": null,
          "Plus10": null,
          "Certificated": null,
          "NonCertificated": null
        },
        {
          "DayNumber": 27,
          "Under2": null,
          "TwoAndOver": null,
          "Hours20": null,
          "Plus10": null,
          "Certificated": null,
          "NonCertificated": null
        },
        {
          "DayNumber": 28,
          "Under2": null,
          "TwoAndOver": null,
          "Hours20": null,
          "Plus10": null,
          "Certificated": null,
          "NonCertificated": null
        },
        {
          "DayNumber": 29,
          "Under2": null,
          "TwoAndOver": null,
          "Hours20": null,
          "Plus10": null,
          "Certificated": null,
          "NonCertificated": null
        },
        {
          "DayNumber": 30,
          "Under2": null,
          "TwoAndOver": null,
          "Hours20": null,
          "Plus10": null,
          "Certificated": null,
          "NonCertificated": null
        },
        {
          "DayNumber": 31,
          "Under2": null,
          "TwoAndOver": null,
          "Hours20": null,
          "Plus10": null,
          "Certificated": null,
          "NonCertificated": null
        }
      ]
    },
    {
      "MonthNumber": 4,
      "Year": 2020,
      "Days": [
        {
          "DayNumber": 1,
          "Under2": null,
          "TwoAndOver": null,
          "Hours20": null,
          "Plus10": null,
          "Certificated": null,
          "NonCertificated": null
        },
        {
          "DayNumber": 2,
          "Under2": null,
          "TwoAndOver": null,
          "Hours20": null,
          "Plus10": null,
          "Certificated": null,
          "NonCertificated": null
        },
        {
          "DayNumber": 3,
          "Under2": null,
          "TwoAndOver": null,
          "Hours20": null,
          "Plus10": null,
          "Certificated": null,
          "NonCertificated": null
        },
        {
          "DayNumber": 4,
          "Under2": null,
          "TwoAndOver": null,
          "Hours20": null,
          "Plus10": null,
          "Certificated": null,
          "NonCertificated": null
        },
        {
          "DayNumber": 5,
          "Under2": null,
          "TwoAndOver": null,
          "Hours20": null,
          "Plus10": null,
          "Certificated": null,
          "NonCertificated": null
        },
        {
          "DayNumber": 6,
          "Under2": null,
          "TwoAndOver": null,
          "Hours20": null,
          "Plus10": null,
          "Certificated": null,
          "NonCertificated": null
        },
        {
          "DayNumber": 7,
          "Under2": null,
          "TwoAndOver": null,
          "Hours20": null,
          "Plus10": null,
          "Certificated": null,
          "NonCertificated": null
        },
        {
          "DayNumber": 8,
          "Under2": null,
          "TwoAndOver": null,
          "Hours20": null,
          "Plus10": null,
          "Certificated": null,
          "NonCertificated": null
        },
        {
          "DayNumber": 9,
          "Under2": null,
          "TwoAndOver": null,
          "Hours20": null,
          "Plus10": null,
          "Certificated": null,
          "NonCertificated": null
        },
        {
          "DayNumber": 10,
          "Under2": null,
          "TwoAndOver": null,
          "Hours20": null,
          "Plus10": null,
          "Certificated": null,
          "NonCertificated": null
        },
        {
          "DayNumber": 11,
          "Under2": null,
          "TwoAndOver": null,
          "Hours20": null,
          "Plus10": null,
          "Certificated": null,
          "NonCertificated": null
        },
        {
          "DayNumber": 12,
          "Under2": null,
          "TwoAndOver": null,
          "Hours20": null,
          "Plus10": null,
          "Certificated": null,
          "NonCertificated": null
        },
        {
          "DayNumber": 13,
          "Under2": null,
          "TwoAndOver": null,
          "Hours20": null,
          "Plus10": null,
          "Certificated": null,
          "NonCertificated": null
        },
        {
          "DayNumber": 14,
          "Under2": null,
          "TwoAndOver": null,
          "Hours20": null,
          "Plus10": null,
          "Certificated": null,
          "NonCertificated": null
        },
        {
          "DayNumber": 15,
          "Under2": null,
          "TwoAndOver": null,
          "Hours20": null,
          "Plus10": null,
          "Certificated": null,
          "NonCertificated": null
        },
        {
          "DayNumber": 16,
          "Under2": null,
          "TwoAndOver": null,
          "Hours20": null,
          "Plus10": null,
          "Certificated": null,
          "NonCertificated": null
        },
        {
          "DayNumber": 17,
          "Under2": null,
          "TwoAndOver": null,
          "Hours20": null,
          "Plus10": null,
          "Certificated": null,
          "NonCertificated": null
        },
        {
          "DayNumber": 18,
          "Under2": null,
          "TwoAndOver": null,
          "Hours20": null,
          "Plus10": null,
          "Certificated": null,
          "NonCertificated": null
        },
        {
          "DayNumber": 19,
          "Under2": null,
          "TwoAndOver": null,
          "Hours20": null,
          "Plus10": null,
          "Certificated": null,
          "NonCertificated": null
        },
        {
          "DayNumber": 20,
          "Under2": null,
          "TwoAndOver": null,
          "Hours20": null,
          "Plus10": null,
          "Certificated": null,
          "NonCertificated": null
        },
        {
          "DayNumber": 21,
          "Under2": null,
          "TwoAndOver": null,
          "Hours20": null,
          "Plus10": null,
          "Certificated": null,
          "NonCertificated": null
        },
        {
          "DayNumber": 22,
          "Under2": null,
          "TwoAndOver": null,
          "Hours20": null,
          "Plus10": null,
          "Certificated": null,
          "NonCertificated": null
        },
        {
          "DayNumber": 23,
          "Under2": null,
          "TwoAndOver": null,
          "Hours20": null,
          "Plus10": null,
          "Certificated": null,
          "NonCertificated": null
        },
        {
          "DayNumber": 24,
          "Under2": null,
          "TwoAndOver": null,
          "Hours20": null,
          "Plus10": null,
          "Certificated": null,
          "NonCertificated": null
        },
        {
          "DayNumber": 25,
          "Under2": null,
          "TwoAndOver": null,
          "Hours20": null,
          "Plus10": null,
          "Certificated": null,
          "NonCertificated": null
        },
        {
          "DayNumber": 26,
          "Under2": null,
          "TwoAndOver": null,
          "Hours20": null,
          "Plus10": null,
          "Certificated": null,
          "NonCertificated": null
        },
        {
          "DayNumber": 27,
          "Under2": null,
          "TwoAndOver": null,
          "Hours20": null,
          "Plus10": null,
          "Certificated": null,
          "NonCertificated": null
        },
        {
          "DayNumber": 28,
          "Under2": null,
          "TwoAndOver": null,
          "Hours20": null,
          "Plus10": null,
          "Certificated": null,
          "NonCertificated": null
        },
        {
          "DayNumber": 29,
          "Under2": null,
          "TwoAndOver": null,
          "Hours20": null,
          "Plus10": null,
          "Certificated": null,
          "NonCertificated": null
        },
        {
          "DayNumber": 30,
          "Under2": null,
          "TwoAndOver": null,
          "Hours20": null,
          "Plus10": null,
          "Certificated": null,
          "NonCertificated": null
        }
      ]
    },
    {
      "MonthNumber": 5,
      "Year": 2020,
      "Days": [
        {
          "DayNumber": 1,
          "Under2": null,
          "TwoAndOver": null,
          "Hours20": null,
          "Plus10": null,
          "Certificated": null,
          "NonCertificated": null
        },
        {
          "DayNumber": 2,
          "Under2": null,
          "TwoAndOver": null,
          "Hours20": null,
          "Plus10": null,
          "Certificated": null,
          "NonCertificated": null
        },
        {
          "DayNumber": 3,
          "Under2": null,
          "TwoAndOver": null,
          "Hours20": null,
          "Plus10": null,
          "Certificated": null,
          "NonCertificated": null
        },
        {
          "DayNumber": 4,
          "Under2": null,
          "TwoAndOver": null,
          "Hours20": null,
          "Plus10": null,
          "Certificated": null,
          "NonCertificated": null
        },
        {
          "DayNumber": 5,
          "Under2": null,
          "TwoAndOver": null,
          "Hours20": null,
          "Plus10": null,
          "Certificated": null,
          "NonCertificated": null
        },
        {
          "DayNumber": 6,
          "Under2": null,
          "TwoAndOver": null,
          "Hours20": null,
          "Plus10": null,
          "Certificated": null,
          "NonCertificated": null
        },
        {
          "DayNumber": 7,
          "Under2": null,
          "TwoAndOver": null,
          "Hours20": null,
          "Plus10": null,
          "Certificated": null,
          "NonCertificated": null
        },
        {
          "DayNumber": 8,
          "Under2": null,
          "TwoAndOver": null,
          "Hours20": null,
          "Plus10": null,
          "Certificated": null,
          "NonCertificated": null
        },
        {
          "DayNumber": 9,
          "Under2": null,
          "TwoAndOver": null,
          "Hours20": null,
          "Plus10": null,
          "Certificated": null,
          "NonCertificated": null
        },
        {
          "DayNumber": 10,
          "Under2": null,
          "TwoAndOver": null,
          "Hours20": null,
          "Plus10": null,
          "Certificated": null,
          "NonCertificated": null
        },
        {
          "DayNumber": 11,
          "Under2": null,
          "TwoAndOver": null,
          "Hours20": null,
          "Plus10": null,
          "Certificated": null,
          "NonCertificated": null
        },
        {
          "DayNumber": 12,
          "Under2": null,
          "TwoAndOver": null,
          "Hours20": null,
          "Plus10": null,
          "Certificated": null,
          "NonCertificated": null
        },
        {
          "DayNumber": 13,
          "Under2": null,
          "TwoAndOver": null,
          "Hours20": null,
          "Plus10": null,
          "Certificated": null,
          "NonCertificated": null
        },
        {
          "DayNumber": 14,
          "Under2": null,
          "TwoAndOver": null,
          "Hours20": null,
          "Plus10": null,
          "Certificated": null,
          "NonCertificated": null
        },
        {
          "DayNumber": 15,
          "Under2": null,
          "TwoAndOver": null,
          "Hours20": null,
          "Plus10": null,
          "Certificated": null,
          "NonCertificated": null
        },
        {
          "DayNumber": 16,
          "Under2": null,
          "TwoAndOver": null,
          "Hours20": null,
          "Plus10": null,
          "Certificated": null,
          "NonCertificated": null
        },
        {
          "DayNumber": 17,
          "Under2": null,
          "TwoAndOver": null,
          "Hours20": null,
          "Plus10": null,
          "Certificated": null,
          "NonCertificated": null
        },
        {
          "DayNumber": 18,
          "Under2": null,
          "TwoAndOver": null,
          "Hours20": null,
          "Plus10": null,
          "Certificated": null,
          "NonCertificated": null
        },
        {
          "DayNumber": 19,
          "Under2": null,
          "TwoAndOver": null,
          "Hours20": null,
          "Plus10": null,
          "Certificated": null,
          "NonCertificated": null
        },
        {
          "DayNumber": 20,
          "Under2": null,
          "TwoAndOver": null,
          "Hours20": null,
          "Plus10": null,
          "Certificated": null,
          "NonCertificated": null
        },
        {
          "DayNumber": 21,
          "Under2": null,
          "TwoAndOver": null,
          "Hours20": null,
          "Plus10": null,
          "Certificated": null,
          "NonCertificated": null
        },
        {
          "DayNumber": 22,
          "Under2": null,
          "TwoAndOver": null,
          "Hours20": null,
          "Plus10": null,
          "Certificated": null,
          "NonCertificated": null
        },
        {
          "DayNumber": 23,
          "Under2": null,
          "TwoAndOver": null,
          "Hours20": null,
          "Plus10": null,
          "Certificated": null,
          "NonCertificated": null
        },
        {
          "DayNumber": 24,
          "Under2": null,
          "TwoAndOver": null,
          "Hours20": null,
          "Plus10": null,
          "Certificated": null,
          "NonCertificated": null
        },
        {
          "DayNumber": 25,
          "Under2": null,
          "TwoAndOver": null,
          "Hours20": null,
          "Plus10": null,
          "Certificated": null,
          "NonCertificated": null
        },
        {
          "DayNumber": 26,
          "Under2": null,
          "TwoAndOver": null,
          "Hours20": null,
          "Plus10": null,
          "Certificated": null,
          "NonCertificated": null
        },
        {
          "DayNumber": 27,
          "Under2": null,
          "TwoAndOver": null,
          "Hours20": null,
          "Plus10": null,
          "Certificated": null,
          "NonCertificated": null
        },
        {
          "DayNumber": 28,
          "Under2": null,
          "TwoAndOver": null,
          "Hours20": null,
          "Plus10": null,
          "Certificated": null,
          "NonCertificated": null
        },
        {
          "DayNumber": 29,
          "Under2": null,
          "TwoAndOver": null,
          "Hours20": null,
          "Plus10": null,
          "Certificated": null,
          "NonCertificated": null
        },
        {
          "DayNumber": 30,
          "Under2": null,
          "TwoAndOver": null,
          "Hours20": null,
          "Plus10": null,
          "Certificated": null,
          "NonCertificated": null
        },
        {
          "DayNumber": 31,
          "Under2": null,
          "TwoAndOver": null,
          "Hours20": null,
          "Plus10": null,
          "Certificated": null,
          "NonCertificated": null
        }
      ]
    }
  ],
  "IsAttested": true,
  "Declaration": null,
  "RequestId": "17008"
}
