[
  {
    "EntitlementMonths": [
      {
        "MonthName": "February 2020",
        "MonthNumber": 2,
        "Year": 2020,
        "AllDayCertificatedTeacherHours": 20,
        "AllDayNonCertificatedTeacherHours": 40,
        "SessionalCertificatedTeacherHours": 0,
        "SessionalNonCertificatedTeacherHours": 0,
        "TotalWorkingDays": 20,
        "WashUpPlusTen": null,
        "WashUpUnderTwo": null,
        "WashUpTwoAndOver": null,
        "WashUpTwentyHours": 0.0,
        "TotalEntitlement": null,
        "TotalFundsAdvanced": 0.0,
        "TotalEntitlementUnderTwo": null,
        "TotalEntitlementTwoAndOver": null,
        "TotalEntitlementTwentyHours": 0.0,
        "TotalEntitlementPlusTen": null,
        "TotalWashUp": null,
        "FundingComponents": []
      },
      {
        "MonthName": "March 2020",
        "MonthNumber": 3,
        "Year": 2020,
        "AllDayCertificatedTeacherHours": 22,
        "AllDayNonCertificatedTeacherHours": 44,
        "SessionalCertificatedTeacherHours": 0,
        "SessionalNonCertificatedTeacherHours": 0,
        "TotalWorkingDays": 22,
        "WashUpPlusTen": null,
        "WashUpUnderTwo": null,
        "WashUpTwoAndOver": null,
        "WashUpTwentyHours": 0.0,
        "TotalEntitlement": null,
        "TotalFundsAdvanced": 0.0,
        "TotalEntitlementUnderTwo": null,
        "TotalEntitlementTwoAndOver": null,
        "TotalEntitlementTwentyHours": 0.0,
        "TotalEntitlementPlusTen": null,
        "TotalWashUp": null,
        "FundingComponents": []
      },
      {
        "MonthName": "April 2020",
        "MonthNumber": 4,
        "Year": 2020,
        "AllDayCertificatedTeacherHours": 22,
        "AllDayNonCertificatedTeacherHours": 44,
        "SessionalCertificatedTeacherHours": 0,
        "SessionalNonCertificatedTeacherHours": 0,
        "TotalWorkingDays": 22,
        "WashUpPlusTen": null,
        "WashUpUnderTwo": null,
        "WashUpTwoAndOver": null,
        "WashUpTwentyHours": 0.0,
        "TotalEntitlement": null,
        "TotalFundsAdvanced": 0.0,
        "TotalEntitlementUnderTwo": null,
        "TotalEntitlementTwoAndOver": null,
        "TotalEntitlementTwentyHours": 0.0,
        "TotalEntitlementPlusTen": null,
        "TotalWashUp": null,
        "FundingComponents": []
      },
      {
        "MonthName": "May 2020",
        "MonthNumber": 5,
        "Year": 2020,
        "AllDayCertificatedTeacherHours": 21,
        "AllDayNonCertificatedTeacherHours": 42,
        "SessionalCertificatedTeacherHours": 0,
        "SessionalNonCertificatedTeacherHours": 0,
        "TotalWorkingDays": 21,
        "WashUpPlusTen": null,
        "WashUpUnderTwo": null,
        "WashUpTwoAndOver": null,
        "WashUpTwentyHours": 0.0,
        "TotalEntitlement": null,
        "TotalFundsAdvanced": 0.0,
        "TotalEntitlementUnderTwo": null,
        "TotalEntitlementTwoAndOver": null,
        "TotalEntitlementTwentyHours": 0.0,
        "TotalEntitlementPlusTen": null,
        "TotalWashUp": null,
        "FundingComponents": []
      }
    ],
    "OrganisationId": 258,
    "BusinessEntityId": "9e7411cd-29cd-4e88-b769-6a969807202b",
    "RequestId": "43001",
    "FundingPeriodMonth": "July",
    "FundingYear": 2021,
    "RevisionNumber": 1,
    "TotalWashUp": 0.0,
    "TotalAdvance": 0.0,
    "AdvanceMonths": [
      {
        "MonthName": "July 2020",
        "MonthNumber": 7,
        "Year": 2020,
        "ParentLedWorkingDays": 0,
        "AllDayWorkingDays": 2,
        "SessionalWorkingDays": null,
        "AmountPayablePlusTen": 0.0,
        "AmountPayableUnderTwo": 0.0,
        "AmountPayableTwoAndOver": 0.0,
        "AmountPayableTwentyHours": 0.0,
        "TotalDays": 2,
        "TotalAdvance": 0.0,
        "FundingComponents": []
      }
    ],
    "MatchingAdvanceMonths": [],
    "Equity": null
  }
]
