[
  {
    "EntitlementMonths": [
      {
        "MonthName": "February 2020",
        "MonthNumber": 2,
        "Year": 2020,
        "AllDayCertificatedTeacherHours": 0,
        "AllDayNonCertificatedTeacherHours": 0,
        "SessionalCertificatedTeacherHours": 0,
        "SessionalNonCertificatedTeacherHours": 0,
        "TotalWorkingDays": 0,
        "WashUpPlusTen": 0.0,
        "WashUpUnderTwo": 0.0,
        "WashUpTwoAndOver": 0.0,
        "WashUpTwentyHours": 0.0,
        "TotalEntitlement": 0.0,
        "TotalFundsAdvanced": 0.0,
        "TotalEntitlementUnderTwo": 0.0,
        "TotalEntitlementTwoAndOver": 0.0,
        "TotalEntitlementTwentyHours": 0.0,
        "TotalEntitlementPlusTen": 0.0,
        "TotalWashUp": 0.0,
        "FundingComponents": []
      },
      {
        "MonthName": "March 2020",
        "MonthNumber": 3,
        "Year": 2020,
        "AllDayCertificatedTeacherHours": 0,
        "AllDayNonCertificatedTeacherHours": 0,
        "SessionalCertificatedTeacherHours": 0,
        "SessionalNonCertificatedTeacherHours": 0,
        "TotalWorkingDays": 0,
        "WashUpPlusTen": 0.0,
        "WashUpUnderTwo": 0.0,
        "WashUpTwoAndOver": 0.0,
        "WashUpTwentyHours": 0.0,
        "TotalEntitlement": 0.0,
        "TotalFundsAdvanced": 0.0,
        "TotalEntitlementUnderTwo": 0.0,
        "TotalEntitlementTwoAndOver": 0.0,
        "TotalEntitlementTwentyHours": 0.0,
        "TotalEntitlementPlusTen": 0.0,
        "TotalWashUp": 0.0,
        "FundingComponents": []
      },
      {
        "MonthName": "April 2020",
        "MonthNumber": 4,
        "Year": 2020,
        "AllDayCertificatedTeacherHours": 0,
        "AllDayNonCertificatedTeacherHours": 0,
        "SessionalCertificatedTeacherHours": 0,
        "SessionalNonCertificatedTeacherHours": 0,
        "TotalWorkingDays": 0,
        "WashUpPlusTen": 0.0,
        "WashUpUnderTwo": 0.0,
        "WashUpTwoAndOver": 0.0,
        "WashUpTwentyHours": 0.0,
        "TotalEntitlement": 0.0,
        "TotalFundsAdvanced": 0.0,
        "TotalEntitlementUnderTwo": 0.0,
        "TotalEntitlementTwoAndOver": 0.0,
        "TotalEntitlementTwentyHours": 0.0,
        "TotalEntitlementPlusTen": 0.0,
        "TotalWashUp": 0.0,
        "FundingComponents": []
      },
      {
        "MonthName": "May 2020",
        "MonthNumber": 5,
        "Year": 2020,
        "AllDayCertificatedTeacherHours": 0,
        "AllDayNonCertificatedTeacherHours": 0,
        "SessionalCertificatedTeacherHours": 0,
        "SessionalNonCertificatedTeacherHours": 0,
        "TotalWorkingDays": 0,
        "WashUpPlusTen": 0.0,
        "WashUpUnderTwo": 0.0,
        "WashUpTwoAndOver": 0.0,
        "WashUpTwentyHours": 0.0,
        "TotalEntitlement": 0.0,
        "TotalFundsAdvanced": 0.0,
        "TotalEntitlementUnderTwo": 0.0,
        "TotalEntitlementTwoAndOver": 0.0,
        "TotalEntitlementTwentyHours": 0.0,
        "TotalEntitlementPlusTen": 0.0,
        "TotalWashUp": 0.0,
        "FundingComponents": []
      }
    ],
    "OrganisationId": 301,
    "BusinessEntityId": "d19c21e7-ce7c-468c-ad2f-2a186b1a279e",
    "RequestId": "145120",
    "FundingPeriodMonth": "July",
    "FundingYear": 2021,
    "RevisionNumber": 1,
    "TotalWashUp": 0.0,
    "TotalAdvance": 0.0,
    "AdvanceMonths": [
      {
        "MonthName": "July 2020",
        "MonthNumber": 7,
        "Year": 2020,
        "ParentLedWorkingDays": 0,
        "AllDayWorkingDays": 0,
        "SessionalWorkingDays": null,
        "AmountPayablePlusTen": 0.0,
        "AmountPayableUnderTwo": 0.0,
        "AmountPayableTwoAndOver": 0.0,
        "AmountPayableTwentyHours": 0.0,
        "TotalDays": 0,
        "TotalAdvance": 0.0,
        "FundingComponents": []
      },
      {
        "MonthName": "August 2020",
        "MonthNumber": 8,
        "Year": 2020,
        "ParentLedWorkingDays": 0,
        "AllDayWorkingDays": 0,
        "SessionalWorkingDays": null,
        "AmountPayablePlusTen": 0.0,
        "AmountPayableUnderTwo": 0.0,
        "AmountPayableTwoAndOver": 0.0,
        "AmountPayableTwentyHours": 0.0,
        "TotalDays": 0,
        "TotalAdvance": 0.0,
        "FundingComponents": []
      },
      {
        "MonthName": "September 2020",
        "MonthNumber": 9,
        "Year": 2020,
        "ParentLedWorkingDays": 0,
        "AllDayWorkingDays": 0,
        "SessionalWorkingDays": null,
        "AmountPayablePlusTen": 0.0,
        "AmountPayableUnderTwo": 0.0,
        "AmountPayableTwoAndOver": 0.0,
        "AmountPayableTwentyHours": 0.0,
        "TotalDays": 0,
        "TotalAdvance": 0.0,
        "FundingComponents": []
      },
      {
        "MonthName": "October 2020",
        "MonthNumber": 10,
        "Year": 2020,
        "ParentLedWorkingDays": 0,
        "AllDayWorkingDays": 0,
        "SessionalWorkingDays": null,
        "AmountPayablePlusTen": 0.0,
        "AmountPayableUnderTwo": 0.0,
        "AmountPayableTwoAndOver": 0.0,
        "AmountPayableTwentyHours": 0.0,
        "TotalDays": 0,
        "TotalAdvance": 0.0,
        "FundingComponents": []
      }
    ],
    "MatchingAdvanceMonths": [],
    "Equity": null,
    "BusinessExceptions": [
      {
        "Key": "MonthlyFunding",
        "Description": "This service is funded monthly"
      }
    ]
  }
]
