{
  "Data": [
    {
      "Id": 177082,
      "BusinessEntityId": "02fad9ab-3e5f-493f-9352-72c1dd372202",
      "OrganisationId": 114895,
      "FundingPeriod": "July",
      "FundingYear": 2021,
      "FundingPeriodYear": 2020,
      "IsZeroReturn": false,
      "RollStatus": "ExternalNew",
      "ReceivedDate": null,
      "RevisionNumber": 1,
      "RevisionDate": "2020-11-12T14:58:59.8683596+13:00",
      "AdvanceMonths": [
        {
          "Id": 0,
          "MonthNumber": 7,
          "Year": 2020,
          "AllDay": null,
          "Sessional": null,
          "ParentLed": null
        },
        {
          "Id": 0,
          "MonthNumber": 8,
          "Year": 2020,
          "AllDay": null,
          "Sessional": null,
          "ParentLed": null
        },
        {
          "Id": 0,
          "MonthNumber": 9,
          "Year": 2020,
          "AllDay": null,
          "Sessional": null,
          "ParentLed": null
        },
        {
          "Id": 0,
          "MonthNumber": 10,
          "Year": 2020,
          "AllDay": null,
          "Sessional": null,
          "ParentLed": null
        }
      ],
      "EntitlementMonths": [
        {
          "Id": 0,
          "MonthNumber": 2,
          "Year": 2020,
          "Days": [
            {
              "DayNumber": 1,
              "Under2": null,
              "TwoAndOver": null,
              "Hours20": null,
              "Plus10": null,
              "Certificated": null,
              "NonCertificated": null
            },
            {
              "DayNumber": 2,
              "Under2": null,
              "TwoAndOver": null,
              "Hours20": null,
              "Plus10": null,
              "Certificated": null,
              "NonCertificated": null
            },
            {
              "DayNumber": 3,
              "Under2": null,
              "TwoAndOver": null,
              "Hours20": null,
              "Plus10": null,
              "Certificated": null,
              "NonCertificated": null
            },
            {
              "DayNumber": 4,
              "Under2": null,
              "TwoAndOver": null,
              "Hours20": null,
              "Plus10": null,
              "Certificated": null,
              "NonCertificated": null
            },
            {
              "DayNumber": 5,
              "Under2": null,
              "TwoAndOver": null,
              "Hours20": null,
              "Plus10": null,
              "Certificated": null,
              "NonCertificated": null
            },
            {
              "DayNumber": 6,
              "Under2": null,
              "TwoAndOver": null,
              "Hours20": null,
              "Plus10": null,
              "Certificated": null,
              "NonCertificated": null
            },
            {
              "DayNumber": 7,
              "Under2": null,
              "TwoAndOver": null,
              "Hours20": null,
              "Plus10": null,
              "Certificated": null,
              "NonCertificated": null
            },
            {
              "DayNumber": 8,
              "Under2": null,
              "TwoAndOver": null,
              "Hours20": null,
              "Plus10": null,
              "Certificated": null,
              "NonCertificated": null
            },
            {
              "DayNumber": 9,
              "Under2": null,
              "TwoAndOver": null,
              "Hours20": null,
              "Plus10": null,
              "Certificated": null,
              "NonCertificated": null
            },
            {
              "DayNumber": 10,
              "Under2": null,
              "TwoAndOver": null,
              "Hours20": null,
              "Plus10": null,
              "Certificated": null,
              "NonCertificated": null
            },
            {
              "DayNumber": 11,
              "Under2": null,
              "TwoAndOver": null,
              "Hours20": null,
              "Plus10": null,
              "Certificated": null,
              "NonCertificated": null
            },
            {
              "DayNumber": 12,
              "Under2": null,
              "TwoAndOver": null,
              "Hours20": null,
              "Plus10": null,
              "Certificated": null,
              "NonCertificated": null
            },
            {
              "DayNumber": 13,
              "Under2": null,
              "TwoAndOver": null,
              "Hours20": null,
              "Plus10": null,
              "Certificated": null,
              "NonCertificated": null
            },
            {
              "DayNumber": 14,
              "Under2": null,
              "TwoAndOver": null,
              "Hours20": null,
              "Plus10": null,
              "Certificated": null,
              "NonCertificated": null
            },
            {
              "DayNumber": 15,
              "Under2": null,
              "TwoAndOver": null,
              "Hours20": null,
              "Plus10": null,
              "Certificated": null,
              "NonCertificated": null
            },
            {
              "DayNumber": 16,
              "Under2": null,
              "TwoAndOver": null,
              "Hours20": null,
              "Plus10": null,
              "Certificated": null,
              "NonCertificated": null
            },
            {
              "DayNumber": 17,
              "Under2": null,
              "TwoAndOver": null,
              "Hours20": null,
              "Plus10": null,
              "Certificated": null,
              "NonCertificated": null
            },
            {
              "DayNumber": 18,
              "Under2": null,
              "TwoAndOver": null,
              "Hours20": null,
              "Plus10": null,
              "Certificated": null,
              "NonCertificated": null
            },
            {
              "DayNumber": 19,
              "Under2": null,
              "TwoAndOver": null,
              "Hours20": null,
              "Plus10": null,
              "Certificated": null,
              "NonCertificated": null
            },
            {
              "DayNumber": 20,
              "Under2": null,
              "TwoAndOver": null,
              "Hours20": null,
              "Plus10": null,
              "Certificated": null,
              "NonCertificated": null
            },
            {
              "DayNumber": 21,
              "Under2": null,
              "TwoAndOver": null,
              "Hours20": null,
              "Plus10": null,
              "Certificated": null,
              "NonCertificated": null
            },
            {
              "DayNumber": 22,
              "Under2": null,
              "TwoAndOver": null,
              "Hours20": null,
              "Plus10": null,
              "Certificated": null,
              "NonCertificated": null
            },
            {
              "DayNumber": 23,
              "Under2": null,
              "TwoAndOver": null,
              "Hours20": null,
              "Plus10": null,
              "Certificated": null,
              "NonCertificated": null
            },
            {
              "DayNumber": 24,
              "Under2": null,
              "TwoAndOver": null,
              "Hours20": null,
              "Plus10": null,
              "Certificated": null,
              "NonCertificated": null
            },
            {
              "DayNumber": 25,
              "Under2": null,
              "TwoAndOver": null,
              "Hours20": null,
              "Plus10": null,
              "Certificated": null,
              "NonCertificated": null
            },
            {
              "DayNumber": 26,
              "Under2": null,
              "TwoAndOver": null,
              "Hours20": null,
              "Plus10": null,
              "Certificated": null,
              "NonCertificated": null
            },
            {
              "DayNumber": 27,
              "Under2": null,
              "TwoAndOver": null,
              "Hours20": null,
              "Plus10": null,
              "Certificated": null,
              "NonCertificated": null
            },
            {
              "DayNumber": 28,
              "Under2": null,
              "TwoAndOver": null,
              "Hours20": null,
              "Plus10": null,
              "Certificated": null,
              "NonCertificated": null
            },
            {
              "DayNumber": 29,
              "Under2": null,
              "TwoAndOver": null,
              "Hours20": null,
              "Plus10": null,
              "Certificated": null,
              "NonCertificated": null
            }
          ]
        },
        {
          "Id": 0,
          "MonthNumber": 3,
          "Year": 2020,
          "Days": [
            {
              "DayNumber": 1,
              "Under2": null,
              "TwoAndOver": null,
              "Hours20": null,
              "Plus10": null,
              "Certificated": null,
              "NonCertificated": null
            },
            {
              "DayNumber": 2,
              "Under2": null,
              "TwoAndOver": null,
              "Hours20": null,
              "Plus10": null,
              "Certificated": null,
              "NonCertificated": null
            },
            {
              "DayNumber": 3,
              "Under2": null,
              "TwoAndOver": null,
              "Hours20": null,
              "Plus10": null,
              "Certificated": null,
              "NonCertificated": null
            },
            {
              "DayNumber": 4,
              "Under2": null,
              "TwoAndOver": null,
              "Hours20": null,
              "Plus10": null,
              "Certificated": null,
              "NonCertificated": null
            },
            {
              "DayNumber": 5,
              "Under2": null,
              "TwoAndOver": null,
              "Hours20": null,
              "Plus10": null,
              "Certificated": null,
              "NonCertificated": null
            },
            {
              "DayNumber": 6,
              "Under2": null,
              "TwoAndOver": null,
              "Hours20": null,
              "Plus10": null,
              "Certificated": null,
              "NonCertificated": null
            },
            {
              "DayNumber": 7,
              "Under2": null,
              "TwoAndOver": null,
              "Hours20": null,
              "Plus10": null,
              "Certificated": null,
              "NonCertificated": null
            },
            {
              "DayNumber": 8,
              "Under2": null,
              "TwoAndOver": null,
              "Hours20": null,
              "Plus10": null,
              "Certificated": null,
              "NonCertificated": null
            },
            {
              "DayNumber": 9,
              "Under2": null,
              "TwoAndOver": null,
              "Hours20": null,
              "Plus10": null,
              "Certificated": null,
              "NonCertificated": null
            },
            {
              "DayNumber": 10,
              "Under2": null,
              "TwoAndOver": null,
              "Hours20": null,
              "Plus10": null,
              "Certificated": null,
              "NonCertificated": null
            },
            {
              "DayNumber": 11,
              "Under2": null,
              "TwoAndOver": null,
              "Hours20": null,
              "Plus10": null,
              "Certificated": null,
              "NonCertificated": null
            },
            {
              "DayNumber": 12,
              "Under2": null,
              "TwoAndOver": null,
              "Hours20": null,
              "Plus10": null,
              "Certificated": null,
              "NonCertificated": null
            },
            {
              "DayNumber": 13,
              "Under2": null,
              "TwoAndOver": null,
              "Hours20": null,
              "Plus10": null,
              "Certificated": null,
              "NonCertificated": null
            },
            {
              "DayNumber": 14,
              "Under2": null,
              "TwoAndOver": null,
              "Hours20": null,
              "Plus10": null,
              "Certificated": null,
              "NonCertificated": null
            },
            {
              "DayNumber": 15,
              "Under2": null,
              "TwoAndOver": null,
              "Hours20": null,
              "Plus10": null,
              "Certificated": null,
              "NonCertificated": null
            },
            {
              "DayNumber": 16,
              "Under2": null,
              "TwoAndOver": null,
              "Hours20": null,
              "Plus10": null,
              "Certificated": null,
              "NonCertificated": null
            },
            {
              "DayNumber": 17,
              "Under2": null,
              "TwoAndOver": null,
              "Hours20": null,
              "Plus10": null,
              "Certificated": null,
              "NonCertificated": null
            },
            {
              "DayNumber": 18,
              "Under2": null,
              "TwoAndOver": null,
              "Hours20": null,
              "Plus10": null,
              "Certificated": null,
              "NonCertificated": null
            },
            {
              "DayNumber": 19,
              "Under2": null,
              "TwoAndOver": null,
              "Hours20": null,
              "Plus10": null,
              "Certificated": null,
              "NonCertificated": null
            },
            {
              "DayNumber": 20,
              "Under2": null,
              "TwoAndOver": null,
              "Hours20": null,
              "Plus10": null,
              "Certificated": null,
              "NonCertificated": null
            },
            {
              "DayNumber": 21,
              "Under2": null,
              "TwoAndOver": null,
              "Hours20": null,
              "Plus10": null,
              "Certificated": null,
              "NonCertificated": null
            },
            {
              "DayNumber": 22,
              "Under2": null,
              "TwoAndOver": null,
              "Hours20": null,
              "Plus10": null,
              "Certificated": null,
              "NonCertificated": null
            },
            {
              "DayNumber": 23,
              "Under2": null,
              "TwoAndOver": null,
              "Hours20": null,
              "Plus10": null,
              "Certificated": null,
              "NonCertificated": null
            },
            {
              "DayNumber": 24,
              "Under2": null,
              "TwoAndOver": null,
              "Hours20": null,
              "Plus10": null,
              "Certificated": null,
              "NonCertificated": null
            },
            {
              "DayNumber": 25,
              "Under2": null,
              "TwoAndOver": null,
              "Hours20": null,
              "Plus10": null,
              "Certificated": null,
              "NonCertificated": null
            },
            {
              "DayNumber": 26,
              "Under2": null,
              "TwoAndOver": null,
              "Hours20": null,
              "Plus10": null,
              "Certificated": null,
              "NonCertificated": null
            },
            {
              "DayNumber": 27,
              "Under2": null,
              "TwoAndOver": null,
              "Hours20": null,
              "Plus10": null,
              "Certificated": null,
              "NonCertificated": null
            },
            {
              "DayNumber": 28,
              "Under2": null,
              "TwoAndOver": null,
              "Hours20": null,
              "Plus10": null,
              "Certificated": null,
              "NonCertificated": null
            },
            {
              "DayNumber": 29,
              "Under2": null,
              "TwoAndOver": null,
              "Hours20": null,
              "Plus10": null,
              "Certificated": null,
              "NonCertificated": null
            },
            {
              "DayNumber": 30,
              "Under2": null,
              "TwoAndOver": null,
              "Hours20": null,
              "Plus10": null,
              "Certificated": null,
              "NonCertificated": null
            },
            {
              "DayNumber": 31,
              "Under2": null,
              "TwoAndOver": null,
              "Hours20": null,
              "Plus10": null,
              "Certificated": null,
              "NonCertificated": null
            }
          ]
        },
        {
          "Id": 0,
          "MonthNumber": 4,
          "Year": 2020,
          "Days": [
            {
              "DayNumber": 1,
              "Under2": null,
              "TwoAndOver": null,
              "Hours20": null,
              "Plus10": null,
              "Certificated": null,
              "NonCertificated": null
            },
            {
              "DayNumber": 2,
              "Under2": null,
              "TwoAndOver": null,
              "Hours20": null,
              "Plus10": null,
              "Certificated": null,
              "NonCertificated": null
            },
            {
              "DayNumber": 3,
              "Under2": null,
              "TwoAndOver": null,
              "Hours20": null,
              "Plus10": null,
              "Certificated": null,
              "NonCertificated": null
            },
            {
              "DayNumber": 4,
              "Under2": null,
              "TwoAndOver": null,
              "Hours20": null,
              "Plus10": null,
              "Certificated": null,
              "NonCertificated": null
            },
            {
              "DayNumber": 5,
              "Under2": null,
              "TwoAndOver": null,
              "Hours20": null,
              "Plus10": null,
              "Certificated": null,
              "NonCertificated": null
            },
            {
              "DayNumber": 6,
              "Under2": null,
              "TwoAndOver": null,
              "Hours20": null,
              "Plus10": null,
              "Certificated": null,
              "NonCertificated": null
            },
            {
              "DayNumber": 7,
              "Under2": null,
              "TwoAndOver": null,
              "Hours20": null,
              "Plus10": null,
              "Certificated": null,
              "NonCertificated": null
            },
            {
              "DayNumber": 8,
              "Under2": null,
              "TwoAndOver": null,
              "Hours20": null,
              "Plus10": null,
              "Certificated": null,
              "NonCertificated": null
            },
            {
              "DayNumber": 9,
              "Under2": null,
              "TwoAndOver": null,
              "Hours20": null,
              "Plus10": null,
              "Certificated": null,
              "NonCertificated": null
            },
            {
              "DayNumber": 10,
              "Under2": null,
              "TwoAndOver": null,
              "Hours20": null,
              "Plus10": null,
              "Certificated": null,
              "NonCertificated": null
            },
            {
              "DayNumber": 11,
              "Under2": null,
              "TwoAndOver": null,
              "Hours20": null,
              "Plus10": null,
              "Certificated": null,
              "NonCertificated": null
            },
            {
              "DayNumber": 12,
              "Under2": null,
              "TwoAndOver": null,
              "Hours20": null,
              "Plus10": null,
              "Certificated": null,
              "NonCertificated": null
            },
            {
              "DayNumber": 13,
              "Under2": null,
              "TwoAndOver": null,
              "Hours20": null,
              "Plus10": null,
              "Certificated": null,
              "NonCertificated": null
            },
            {
              "DayNumber": 14,
              "Under2": null,
              "TwoAndOver": null,
              "Hours20": null,
              "Plus10": null,
              "Certificated": null,
              "NonCertificated": null
            },
            {
              "DayNumber": 15,
              "Under2": null,
              "TwoAndOver": null,
              "Hours20": null,
              "Plus10": null,
              "Certificated": null,
              "NonCertificated": null
            },
            {
              "DayNumber": 16,
              "Under2": null,
              "TwoAndOver": null,
              "Hours20": null,
              "Plus10": null,
              "Certificated": null,
              "NonCertificated": null
            },
            {
              "DayNumber": 17,
              "Under2": null,
              "TwoAndOver": null,
              "Hours20": null,
              "Plus10": null,
              "Certificated": null,
              "NonCertificated": null
            },
            {
              "DayNumber": 18,
              "Under2": null,
              "TwoAndOver": null,
              "Hours20": null,
              "Plus10": null,
              "Certificated": null,
              "NonCertificated": null
            },
            {
              "DayNumber": 19,
              "Under2": null,
              "TwoAndOver": null,
              "Hours20": null,
              "Plus10": null,
              "Certificated": null,
              "NonCertificated": null
            },
            {
              "DayNumber": 20,
              "Under2": null,
              "TwoAndOver": null,
              "Hours20": null,
              "Plus10": null,
              "Certificated": null,
              "NonCertificated": null
            },
            {
              "DayNumber": 21,
              "Under2": null,
              "TwoAndOver": null,
              "Hours20": null,
              "Plus10": null,
              "Certificated": null,
              "NonCertificated": null
            },
            {
              "DayNumber": 22,
              "Under2": null,
              "TwoAndOver": null,
              "Hours20": null,
              "Plus10": null,
              "Certificated": null,
              "NonCertificated": null
            },
            {
              "DayNumber": 23,
              "Under2": null,
              "TwoAndOver": null,
              "Hours20": null,
              "Plus10": null,
              "Certificated": null,
              "NonCertificated": null
            },
            {
              "DayNumber": 24,
              "Under2": null,
              "TwoAndOver": null,
              "Hours20": null,
              "Plus10": null,
              "Certificated": null,
              "NonCertificated": null
            },
            {
              "DayNumber": 25,
              "Under2": null,
              "TwoAndOver": null,
              "Hours20": null,
              "Plus10": null,
              "Certificated": null,
              "NonCertificated": null
            },
            {
              "DayNumber": 26,
              "Under2": null,
              "TwoAndOver": null,
              "Hours20": null,
              "Plus10": null,
              "Certificated": null,
              "NonCertificated": null
            },
            {
              "DayNumber": 27,
              "Under2": null,
              "TwoAndOver": null,
              "Hours20": null,
              "Plus10": null,
              "Certificated": null,
              "NonCertificated": null
            },
            {
              "DayNumber": 28,
              "Under2": null,
              "TwoAndOver": null,
              "Hours20": null,
              "Plus10": null,
              "Certificated": null,
              "NonCertificated": null
            },
            {
              "DayNumber": 29,
              "Under2": null,
              "TwoAndOver": null,
              "Hours20": null,
              "Plus10": null,
              "Certificated": null,
              "NonCertificated": null
            },
            {
              "DayNumber": 30,
              "Under2": null,
              "TwoAndOver": null,
              "Hours20": null,
              "Plus10": null,
              "Certificated": null,
              "NonCertificated": null
            }
          ]
        },
        {
          "Id": 0,
          "MonthNumber": 5,
          "Year": 2020,
          "Days": [
            {
              "DayNumber": 1,
              "Under2": null,
              "TwoAndOver": null,
              "Hours20": null,
              "Plus10": null,
              "Certificated": null,
              "NonCertificated": null
            },
            {
              "DayNumber": 2,
              "Under2": null,
              "TwoAndOver": null,
              "Hours20": null,
              "Plus10": null,
              "Certificated": null,
              "NonCertificated": null
            },
            {
              "DayNumber": 3,
              "Under2": null,
              "TwoAndOver": null,
              "Hours20": null,
              "Plus10": null,
              "Certificated": null,
              "NonCertificated": null
            },
            {
              "DayNumber": 4,
              "Under2": null,
              "TwoAndOver": null,
              "Hours20": null,
              "Plus10": null,
              "Certificated": null,
              "NonCertificated": null
            },
            {
              "DayNumber": 5,
              "Under2": null,
              "TwoAndOver": null,
              "Hours20": null,
              "Plus10": null,
              "Certificated": null,
              "NonCertificated": null
            },
            {
              "DayNumber": 6,
              "Under2": null,
              "TwoAndOver": null,
              "Hours20": null,
              "Plus10": null,
              "Certificated": null,
              "NonCertificated": null
            },
            {
              "DayNumber": 7,
              "Under2": null,
              "TwoAndOver": null,
              "Hours20": null,
              "Plus10": null,
              "Certificated": null,
              "NonCertificated": null
            },
            {
              "DayNumber": 8,
              "Under2": null,
              "TwoAndOver": null,
              "Hours20": null,
              "Plus10": null,
              "Certificated": null,
              "NonCertificated": null
            },
            {
              "DayNumber": 9,
              "Under2": null,
              "TwoAndOver": null,
              "Hours20": null,
              "Plus10": null,
              "Certificated": null,
              "NonCertificated": null
            },
            {
              "DayNumber": 10,
              "Under2": null,
              "TwoAndOver": null,
              "Hours20": null,
              "Plus10": null,
              "Certificated": null,
              "NonCertificated": null
            },
            {
              "DayNumber": 11,
              "Under2": null,
              "TwoAndOver": null,
              "Hours20": null,
              "Plus10": null,
              "Certificated": null,
              "NonCertificated": null
            },
            {
              "DayNumber": 12,
              "Under2": null,
              "TwoAndOver": null,
              "Hours20": null,
              "Plus10": null,
              "Certificated": null,
              "NonCertificated": null
            },
            {
              "DayNumber": 13,
              "Under2": null,
              "TwoAndOver": null,
              "Hours20": null,
              "Plus10": null,
              "Certificated": null,
              "NonCertificated": null
            },
            {
              "DayNumber": 14,
              "Under2": null,
              "TwoAndOver": null,
              "Hours20": null,
              "Plus10": null,
              "Certificated": null,
              "NonCertificated": null
            },
            {
              "DayNumber": 15,
              "Under2": null,
              "TwoAndOver": null,
              "Hours20": null,
              "Plus10": null,
              "Certificated": null,
              "NonCertificated": null
            },
            {
              "DayNumber": 16,
              "Under2": null,
              "TwoAndOver": null,
              "Hours20": null,
              "Plus10": null,
              "Certificated": null,
              "NonCertificated": null
            },
            {
              "DayNumber": 17,
              "Under2": null,
              "TwoAndOver": null,
              "Hours20": null,
              "Plus10": null,
              "Certificated": null,
              "NonCertificated": null
            },
            {
              "DayNumber": 18,
              "Under2": null,
              "TwoAndOver": null,
              "Hours20": null,
              "Plus10": null,
              "Certificated": null,
              "NonCertificated": null
            },
            {
              "DayNumber": 19,
              "Under2": null,
              "TwoAndOver": null,
              "Hours20": null,
              "Plus10": null,
              "Certificated": null,
              "NonCertificated": null
            },
            {
              "DayNumber": 20,
              "Under2": null,
              "TwoAndOver": null,
              "Hours20": null,
              "Plus10": null,
              "Certificated": null,
              "NonCertificated": null
            },
            {
              "DayNumber": 21,
              "Under2": null,
              "TwoAndOver": null,
              "Hours20": null,
              "Plus10": null,
              "Certificated": null,
              "NonCertificated": null
            },
            {
              "DayNumber": 22,
              "Under2": null,
              "TwoAndOver": null,
              "Hours20": null,
              "Plus10": null,
              "Certificated": null,
              "NonCertificated": null
            },
            {
              "DayNumber": 23,
              "Under2": null,
              "TwoAndOver": null,
              "Hours20": null,
              "Plus10": null,
              "Certificated": null,
              "NonCertificated": null
            },
            {
              "DayNumber": 24,
              "Under2": null,
              "TwoAndOver": null,
              "Hours20": null,
              "Plus10": null,
              "Certificated": null,
              "NonCertificated": null
            },
            {
              "DayNumber": 25,
              "Under2": null,
              "TwoAndOver": null,
              "Hours20": null,
              "Plus10": null,
              "Certificated": null,
              "NonCertificated": null
            },
            {
              "DayNumber": 26,
              "Under2": null,
              "TwoAndOver": null,
              "Hours20": null,
              "Plus10": null,
              "Certificated": null,
              "NonCertificated": null
            },
            {
              "DayNumber": 27,
              "Under2": null,
              "TwoAndOver": null,
              "Hours20": null,
              "Plus10": null,
              "Certificated": null,
              "NonCertificated": null
            },
            {
              "DayNumber": 28,
              "Under2": null,
              "TwoAndOver": null,
              "Hours20": null,
              "Plus10": null,
              "Certificated": null,
              "NonCertificated": null
            },
            {
              "DayNumber": 29,
              "Under2": null,
              "TwoAndOver": null,
              "Hours20": null,
              "Plus10": null,
              "Certificated": null,
              "NonCertificated": null
            },
            {
              "DayNumber": 30,
              "Under2": null,
              "TwoAndOver": null,
              "Hours20": null,
              "Plus10": null,
              "Certificated": null,
              "NonCertificated": null
            },
            {
              "DayNumber": 31,
              "Under2": null,
              "TwoAndOver": null,
              "Hours20": null,
              "Plus10": null,
              "Certificated": null,
              "NonCertificated": null
            }
          ]
        }
      ],
      "IsAttested": null,
      "Declaration": null,
      "RequestId": "177082"
    }
  ],
  "Pagination": {
    "PageSize": 10,
    "PageNumber": 1,
    "Count": 1
  }
}
