{
  "Id": 1,
  "BusinessEntityId": "0f3d22c5-818d-40d7-85f7-b58573fd9bc2",
  "OrganisationId": 114895,
  "FundingPeriod": "July",
  "FundingYear": 2021,
  "FundingPeriodYear": 2020,
  "IsZeroReturn": false,
  "RollStatus": "InternalReadyForReview",
  "ReceivedDate": "2020-11-23T14:27:22.2890219+13:00",
  "RevisionNumber": 1,
  "RevisionDate": "2020-11-23T14:27:22.3611026+13:00",
  "AdvanceMonths": [
    {
      "MonthNumber": 7,
      "Year": 2020,
      "AllDay": 2,
      "Sessional": null,
      "ParentLed": null
    },
    {
      "MonthNumber": 8,
      "Year": 2020,
      "AllDay": 2,
      "Sessional": null,
      "ParentLed": null
    },
    {
      "MonthNumber": 9,
      "Year": 2020,
      "AllDay": 2,
      "Sessional": null,
      "ParentLed": null
    },
    {
      "MonthNumber": 10,
      "Year": 2020,
      "AllDay": 2,
      "Sessional": null,
      "ParentLed": null
    }
  ],
  "EntitlementMonths": [
    {
      "MonthNumber": 2,
      "Year": 2020,
      "Days": [
        {
          "DayNumber": 1,
          "Under2": 18,
          "TwoAndOver": 1,
          "Hours20": null,
          "Plus10": 23,
          "Certificated": 1,
          "NonCertificated": 2
        },
        {
          "DayNumber": 2,
          "Under2": 18,
          "TwoAndOver": 1,
          "Hours20": null,
          "Plus10": 23,
          "Certificated": 1,
          "NonCertificated": 2
        },
        {
          "DayNumber": 3,
          "Under2": 18,
          "TwoAndOver": 1,
          "Hours20": null,
          "Plus10": 23,
          "Certificated": 1,
          "NonCertificated": 2
        },
        {
          "DayNumber": 4,
          "Under2": 18,
          "TwoAndOver": 1,
          "Hours20": null,
          "Plus10": 23,
          "Certificated": 1,
          "NonCertificated": 2
        },
        {
          "DayNumber": 5,
          "Under2": 18,
          "TwoAndOver": 1,
          "Hours20": null,
          "Plus10": 23,
          "Certificated": 1,
          "NonCertificated": 2
        },
        {
          "DayNumber": 6,
          "Under2": 18,
          "TwoAndOver": 1,
          "Hours20": null,
          "Plus10": 23,
          "Certificated": 1,
          "NonCertificated": 2
        },
        {
          "DayNumber": 7,
          "Under2": 18,
          "TwoAndOver": 1,
          "Hours20": null,
          "Plus10": 23,
          "Certificated": 1,
          "NonCertificated": 2
        },
        {
          "DayNumber": 8,
          "Under2": 18,
          "TwoAndOver": 1,
          "Hours20": null,
          "Plus10": 23,
          "Certificated": 1,
          "NonCertificated": 2
        },
        {
          "DayNumber": 9,
          "Under2": 18,
          "TwoAndOver": 1,
          "Hours20": null,
          "Plus10": 23,
          "Certificated": 1,
          "NonCertificated": 2
        },
        {
          "DayNumber": 10,
          "Under2": 18,
          "TwoAndOver": 1,
          "Hours20": null,
          "Plus10": 23,
          "Certificated": 1,
          "NonCertificated": 2
        },
        {
          "DayNumber": 11,
          "Under2": 18,
          "TwoAndOver": 1,
          "Hours20": null,
          "Plus10": 23,
          "Certificated": 1,
          "NonCertificated": 2
        },
        {
          "DayNumber": 12,
          "Under2": 18,
          "TwoAndOver": 1,
          "Hours20": null,
          "Plus10": 23,
          "Certificated": 1,
          "NonCertificated": 2
        },
        {
          "DayNumber": 13,
          "Under2": 18,
          "TwoAndOver": 1,
          "Hours20": null,
          "Plus10": 23,
          "Certificated": 1,
          "NonCertificated": 2
        },
        {
          "DayNumber": 14,
          "Under2": 18,
          "TwoAndOver": 1,
          "Hours20": null,
          "Plus10": 23,
          "Certificated": 1,
          "NonCertificated": 2
        },
        {
          "DayNumber": 15,
          "Under2": 18,
          "TwoAndOver": 1,
          "Hours20": null,
          "Plus10": 23,
          "Certificated": 1,
          "NonCertificated": 2
        },
        {
          "DayNumber": 16,
          "Under2": 18,
          "TwoAndOver": 1,
          "Hours20": null,
          "Plus10": 23,
          "Certificated": 1,
          "NonCertificated": 2
        },
        {
          "DayNumber": 17,
          "Under2": 18,
          "TwoAndOver": 1,
          "Hours20": null,
          "Plus10": 23,
          "Certificated": 1,
          "NonCertificated": 2
        },
        {
          "DayNumber": 18,
          "Under2": 18,
          "TwoAndOver": 1,
          "Hours20": null,
          "Plus10": 23,
          "Certificated": 1,
          "NonCertificated": 2
        },
        {
          "DayNumber": 19,
          "Under2": 18,
          "TwoAndOver": 1,
          "Hours20": null,
          "Plus10": 23,
          "Certificated": 1,
          "NonCertificated": 2
        },
        {
          "DayNumber": 20,
          "Under2": 18,
          "TwoAndOver": 1,
          "Hours20": null,
          "Plus10": 23,
          "Certificated": 1,
          "NonCertificated": 2
        },
        {
          "DayNumber": 21,
          "Under2": 18,
          "TwoAndOver": 1,
          "Hours20": null,
          "Plus10": 23,
          "Certificated": 1,
          "NonCertificated": 2
        },
        {
          "DayNumber": 22,
          "Under2": 18,
          "TwoAndOver": 1,
          "Hours20": null,
          "Plus10": 23,
          "Certificated": 1,
          "NonCertificated": 2
        },
        {
          "DayNumber": 23,
          "Under2": 18,
          "TwoAndOver": 1,
          "Hours20": null,
          "Plus10": 23,
          "Certificated": 1,
          "NonCertificated": 2
        },
        {
          "DayNumber": 24,
          "Under2": 18,
          "TwoAndOver": 1,
          "Hours20": null,
          "Plus10": 23,
          "Certificated": 1,
          "NonCertificated": 2
        },
        {
          "DayNumber": 25,
          "Under2": 18,
          "TwoAndOver": 1,
          "Hours20": null,
          "Plus10": 23,
          "Certificated": 1,
          "NonCertificated": 2
        },
        {
          "DayNumber": 26,
          "Under2": 18,
          "TwoAndOver": 1,
          "Hours20": null,
          "Plus10": 23,
          "Certificated": 1,
          "NonCertificated": 2
        },
        {
          "DayNumber": 27,
          "Under2": 18,
          "TwoAndOver": 1,
          "Hours20": null,
          "Plus10": 23,
          "Certificated": 1,
          "NonCertificated": 2
        },
        {
          "DayNumber": 28,
          "Under2": 18,
          "TwoAndOver": 1,
          "Hours20": null,
          "Plus10": 23,
          "Certificated": 1,
          "NonCertificated": 2
        },
        {
          "DayNumber": 29,
          "Under2": 18,
          "TwoAndOver": 1,
          "Hours20": null,
          "Plus10": 23,
          "Certificated": 1,
          "NonCertificated": 2
        }
      ]
    },
    {
      "MonthNumber": 3,
      "Year": 2020,
      "Days": [
        {
          "DayNumber": 1,
          "Under2": 18,
          "TwoAndOver": 1,
          "Hours20": null,
          "Plus10": 23,
          "Certificated": 1,
          "NonCertificated": 2
        },
        {
          "DayNumber": 2,
          "Under2": 18,
          "TwoAndOver": 1,
          "Hours20": null,
          "Plus10": 23,
          "Certificated": 1,
          "NonCertificated": 2
        },
        {
          "DayNumber": 3,
          "Under2": 18,
          "TwoAndOver": 1,
          "Hours20": null,
          "Plus10": 23,
          "Certificated": 1,
          "NonCertificated": 2
        },
        {
          "DayNumber": 4,
          "Under2": 18,
          "TwoAndOver": 1,
          "Hours20": null,
          "Plus10": 23,
          "Certificated": 1,
          "NonCertificated": 2
        },
        {
          "DayNumber": 5,
          "Under2": 18,
          "TwoAndOver": 1,
          "Hours20": null,
          "Plus10": 23,
          "Certificated": 1,
          "NonCertificated": 2
        },
        {
          "DayNumber": 6,
          "Under2": 18,
          "TwoAndOver": 1,
          "Hours20": null,
          "Plus10": 23,
          "Certificated": 1,
          "NonCertificated": 2
        },
        {
          "DayNumber": 7,
          "Under2": 18,
          "TwoAndOver": 1,
          "Hours20": null,
          "Plus10": 23,
          "Certificated": 1,
          "NonCertificated": 2
        },
        {
          "DayNumber": 8,
          "Under2": 18,
          "TwoAndOver": 1,
          "Hours20": null,
          "Plus10": 23,
          "Certificated": 1,
          "NonCertificated": 2
        },
        {
          "DayNumber": 9,
          "Under2": 18,
          "TwoAndOver": 1,
          "Hours20": null,
          "Plus10": 23,
          "Certificated": 1,
          "NonCertificated": 2
        },
        {
          "DayNumber": 10,
          "Under2": 18,
          "TwoAndOver": 1,
          "Hours20": null,
          "Plus10": 23,
          "Certificated": 1,
          "NonCertificated": 2
        },
        {
          "DayNumber": 11,
          "Under2": 18,
          "TwoAndOver": 1,
          "Hours20": null,
          "Plus10": 23,
          "Certificated": 1,
          "NonCertificated": 2
        },
        {
          "DayNumber": 12,
          "Under2": 18,
          "TwoAndOver": 1,
          "Hours20": null,
          "Plus10": 23,
          "Certificated": 1,
          "NonCertificated": 2
        },
        {
          "DayNumber": 13,
          "Under2": 18,
          "TwoAndOver": 1,
          "Hours20": null,
          "Plus10": 23,
          "Certificated": 1,
          "NonCertificated": 2
        },
        {
          "DayNumber": 14,
          "Under2": 18,
          "TwoAndOver": 1,
          "Hours20": null,
          "Plus10": 23,
          "Certificated": 1,
          "NonCertificated": 2
        },
        {
          "DayNumber": 15,
          "Under2": 18,
          "TwoAndOver": 1,
          "Hours20": null,
          "Plus10": 23,
          "Certificated": 1,
          "NonCertificated": 2
        },
        {
          "DayNumber": 16,
          "Under2": 18,
          "TwoAndOver": 1,
          "Hours20": null,
          "Plus10": 23,
          "Certificated": 1,
          "NonCertificated": 2
        },
        {
          "DayNumber": 17,
          "Under2": 18,
          "TwoAndOver": 1,
          "Hours20": null,
          "Plus10": 23,
          "Certificated": 1,
          "NonCertificated": 2
        },
        {
          "DayNumber": 18,
          "Under2": 18,
          "TwoAndOver": 1,
          "Hours20": null,
          "Plus10": 23,
          "Certificated": 1,
          "NonCertificated": 2
        },
        {
          "DayNumber": 19,
          "Under2": 18,
          "TwoAndOver": 1,
          "Hours20": null,
          "Plus10": 23,
          "Certificated": 1,
          "NonCertificated": 2
        },
        {
          "DayNumber": 20,
          "Under2": 18,
          "TwoAndOver": 1,
          "Hours20": null,
          "Plus10": 23,
          "Certificated": 1,
          "NonCertificated": 2
        },
        {
          "DayNumber": 21,
          "Under2": 18,
          "TwoAndOver": 1,
          "Hours20": null,
          "Plus10": 23,
          "Certificated": 1,
          "NonCertificated": 2
        },
        {
          "DayNumber": 22,
          "Under2": 18,
          "TwoAndOver": 1,
          "Hours20": null,
          "Plus10": 23,
          "Certificated": 1,
          "NonCertificated": 2
        },
        {
          "DayNumber": 23,
          "Under2": 18,
          "TwoAndOver": 1,
          "Hours20": null,
          "Plus10": 23,
          "Certificated": 1,
          "NonCertificated": 2
        },
        {
          "DayNumber": 24,
          "Under2": 18,
          "TwoAndOver": 1,
          "Hours20": null,
          "Plus10": 23,
          "Certificated": 1,
          "NonCertificated": 2
        },
        {
          "DayNumber": 25,
          "Under2": 18,
          "TwoAndOver": 1,
          "Hours20": null,
          "Plus10": 23,
          "Certificated": 1,
          "NonCertificated": 2
        },
        {
          "DayNumber": 26,
          "Under2": 18,
          "TwoAndOver": 1,
          "Hours20": null,
          "Plus10": 23,
          "Certificated": 1,
          "NonCertificated": 2
        },
        {
          "DayNumber": 27,
          "Under2": 18,
          "TwoAndOver": 1,
          "Hours20": null,
          "Plus10": 23,
          "Certificated": 1,
          "NonCertificated": 2
        },
        {
          "DayNumber": 28,
          "Under2": 18,
          "TwoAndOver": 1,
          "Hours20": null,
          "Plus10": 23,
          "Certificated": 1,
          "NonCertificated": 2
        },
        {
          "DayNumber": 29,
          "Under2": 18,
          "TwoAndOver": 1,
          "Hours20": null,
          "Plus10": 23,
          "Certificated": 1,
          "NonCertificated": 2
        },
        {
          "DayNumber": 30,
          "Under2": 18,
          "TwoAndOver": 1,
          "Hours20": null,
          "Plus10": 23,
          "Certificated": 1,
          "NonCertificated": 2
        },
        {
          "DayNumber": 31,
          "Under2": 18,
          "TwoAndOver": 1,
          "Hours20": null,
          "Plus10": 23,
          "Certificated": 1,
          "NonCertificated": 2
        }
      ]
    },
    {
      "MonthNumber": 4,
      "Year": 2020,
      "Days": [
        {
          "DayNumber": 1,
          "Under2": 18,
          "TwoAndOver": 1,
          "Hours20": null,
          "Plus10": 23,
          "Certificated": 1,
          "NonCertificated": 2
        },
        {
          "DayNumber": 2,
          "Under2": 18,
          "TwoAndOver": 1,
          "Hours20": null,
          "Plus10": 23,
          "Certificated": 1,
          "NonCertificated": 2
        },
        {
          "DayNumber": 3,
          "Under2": 18,
          "TwoAndOver": 1,
          "Hours20": null,
          "Plus10": 23,
          "Certificated": 1,
          "NonCertificated": 2
        },
        {
          "DayNumber": 4,
          "Under2": 18,
          "TwoAndOver": 1,
          "Hours20": null,
          "Plus10": 23,
          "Certificated": 1,
          "NonCertificated": 2
        },
        {
          "DayNumber": 5,
          "Under2": 18,
          "TwoAndOver": 1,
          "Hours20": null,
          "Plus10": 23,
          "Certificated": 1,
          "NonCertificated": 2
        },
        {
          "DayNumber": 6,
          "Under2": 18,
          "TwoAndOver": 1,
          "Hours20": null,
          "Plus10": 23,
          "Certificated": 1,
          "NonCertificated": 2
        },
        {
          "DayNumber": 7,
          "Under2": 18,
          "TwoAndOver": 1,
          "Hours20": null,
          "Plus10": 23,
          "Certificated": 1,
          "NonCertificated": 2
        },
        {
          "DayNumber": 8,
          "Under2": 18,
          "TwoAndOver": 1,
          "Hours20": null,
          "Plus10": 23,
          "Certificated": 1,
          "NonCertificated": 2
        },
        {
          "DayNumber": 9,
          "Under2": 18,
          "TwoAndOver": 1,
          "Hours20": null,
          "Plus10": 23,
          "Certificated": 1,
          "NonCertificated": 2
        },
        {
          "DayNumber": 10,
          "Under2": 18,
          "TwoAndOver": 1,
          "Hours20": null,
          "Plus10": 23,
          "Certificated": 1,
          "NonCertificated": 2
        },
        {
          "DayNumber": 11,
          "Under2": 18,
          "TwoAndOver": 1,
          "Hours20": null,
          "Plus10": 23,
          "Certificated": 1,
          "NonCertificated": 2
        },
        {
          "DayNumber": 12,
          "Under2": 18,
          "TwoAndOver": 1,
          "Hours20": null,
          "Plus10": 23,
          "Certificated": 1,
          "NonCertificated": 2
        },
        {
          "DayNumber": 13,
          "Under2": 18,
          "TwoAndOver": 1,
          "Hours20": null,
          "Plus10": 23,
          "Certificated": 1,
          "NonCertificated": 2
        },
        {
          "DayNumber": 14,
          "Under2": 18,
          "TwoAndOver": 1,
          "Hours20": null,
          "Plus10": 23,
          "Certificated": 1,
          "NonCertificated": 2
        },
        {
          "DayNumber": 15,
          "Under2": 18,
          "TwoAndOver": 1,
          "Hours20": null,
          "Plus10": 23,
          "Certificated": 1,
          "NonCertificated": 2
        },
        {
          "DayNumber": 16,
          "Under2": 18,
          "TwoAndOver": 1,
          "Hours20": null,
          "Plus10": 23,
          "Certificated": 1,
          "NonCertificated": 2
        },
        {
          "DayNumber": 17,
          "Under2": 18,
          "TwoAndOver": 1,
          "Hours20": null,
          "Plus10": 23,
          "Certificated": 1,
          "NonCertificated": 2
        },
        {
          "DayNumber": 18,
          "Under2": 18,
          "TwoAndOver": 1,
          "Hours20": null,
          "Plus10": 23,
          "Certificated": 1,
          "NonCertificated": 2
        },
        {
          "DayNumber": 19,
          "Under2": 18,
          "TwoAndOver": 1,
          "Hours20": null,
          "Plus10": 23,
          "Certificated": 1,
          "NonCertificated": 2
        },
        {
          "DayNumber": 20,
          "Under2": 18,
          "TwoAndOver": 1,
          "Hours20": null,
          "Plus10": 23,
          "Certificated": 1,
          "NonCertificated": 2
        },
        {
          "DayNumber": 21,
          "Under2": 18,
          "TwoAndOver": 1,
          "Hours20": null,
          "Plus10": 23,
          "Certificated": 1,
          "NonCertificated": 2
        },
        {
          "DayNumber": 22,
          "Under2": 18,
          "TwoAndOver": 1,
          "Hours20": null,
          "Plus10": 23,
          "Certificated": 1,
          "NonCertificated": 2
        },
        {
          "DayNumber": 23,
          "Under2": 18,
          "TwoAndOver": 1,
          "Hours20": null,
          "Plus10": 23,
          "Certificated": 1,
          "NonCertificated": 2
        },
        {
          "DayNumber": 24,
          "Under2": 18,
          "TwoAndOver": 1,
          "Hours20": null,
          "Plus10": 23,
          "Certificated": 1,
          "NonCertificated": 2
        },
        {
          "DayNumber": 25,
          "Under2": 18,
          "TwoAndOver": 1,
          "Hours20": null,
          "Plus10": 23,
          "Certificated": 1,
          "NonCertificated": 2
        },
        {
          "DayNumber": 26,
          "Under2": 18,
          "TwoAndOver": 1,
          "Hours20": null,
          "Plus10": 23,
          "Certificated": 1,
          "NonCertificated": 2
        },
        {
          "DayNumber": 27,
          "Under2": 18,
          "TwoAndOver": 1,
          "Hours20": null,
          "Plus10": 23,
          "Certificated": 1,
          "NonCertificated": 2
        },
        {
          "DayNumber": 28,
          "Under2": 18,
          "TwoAndOver": 1,
          "Hours20": null,
          "Plus10": 23,
          "Certificated": 1,
          "NonCertificated": 2
        },
        {
          "DayNumber": 29,
          "Under2": 18,
          "TwoAndOver": 1,
          "Hours20": null,
          "Plus10": 23,
          "Certificated": 1,
          "NonCertificated": 2
        },
        {
          "DayNumber": 30,
          "Under2": 18,
          "TwoAndOver": 1,
          "Hours20": null,
          "Plus10": 23,
          "Certificated": 1,
          "NonCertificated": 2
        }
      ]
    },
    {
      "MonthNumber": 5,
      "Year": 2020,
      "Days": [
        {
          "DayNumber": 1,
          "Under2": 18,
          "TwoAndOver": 1,
          "Hours20": null,
          "Plus10": 23,
          "Certificated": 1,
          "NonCertificated": 2
        },
        {
          "DayNumber": 2,
          "Under2": 18,
          "TwoAndOver": 1,
          "Hours20": null,
          "Plus10": 23,
          "Certificated": 1,
          "NonCertificated": 2
        },
        {
          "DayNumber": 3,
          "Under2": 18,
          "TwoAndOver": 1,
          "Hours20": null,
          "Plus10": 23,
          "Certificated": 1,
          "NonCertificated": 2
        },
        {
          "DayNumber": 4,
          "Under2": 18,
          "TwoAndOver": 1,
          "Hours20": null,
          "Plus10": 23,
          "Certificated": 1,
          "NonCertificated": 2
        },
        {
          "DayNumber": 5,
          "Under2": 18,
          "TwoAndOver": 1,
          "Hours20": null,
          "Plus10": 23,
          "Certificated": 1,
          "NonCertificated": 2
        },
        {
          "DayNumber": 6,
          "Under2": 18,
          "TwoAndOver": 1,
          "Hours20": null,
          "Plus10": 23,
          "Certificated": 1,
          "NonCertificated": 2
        },
        {
          "DayNumber": 7,
          "Under2": 18,
          "TwoAndOver": 1,
          "Hours20": null,
          "Plus10": 23,
          "Certificated": 1,
          "NonCertificated": 2
        },
        {
          "DayNumber": 8,
          "Under2": 18,
          "TwoAndOver": 1,
          "Hours20": null,
          "Plus10": 23,
          "Certificated": 1,
          "NonCertificated": 2
        },
        {
          "DayNumber": 9,
          "Under2": 18,
          "TwoAndOver": 1,
          "Hours20": null,
          "Plus10": 23,
          "Certificated": 1,
          "NonCertificated": 2
        },
        {
          "DayNumber": 10,
          "Under2": 18,
          "TwoAndOver": 1,
          "Hours20": null,
          "Plus10": 23,
          "Certificated": 1,
          "NonCertificated": 2
        },
        {
          "DayNumber": 11,
          "Under2": 18,
          "TwoAndOver": 1,
          "Hours20": null,
          "Plus10": 23,
          "Certificated": 1,
          "NonCertificated": 2
        },
        {
          "DayNumber": 12,
          "Under2": 18,
          "TwoAndOver": 1,
          "Hours20": null,
          "Plus10": 23,
          "Certificated": 1,
          "NonCertificated": 2
        },
        {
          "DayNumber": 13,
          "Under2": 18,
          "TwoAndOver": 1,
          "Hours20": null,
          "Plus10": 23,
          "Certificated": 1,
          "NonCertificated": 2
        },
        {
          "DayNumber": 14,
          "Under2": 18,
          "TwoAndOver": 1,
          "Hours20": null,
          "Plus10": 23,
          "Certificated": 1,
          "NonCertificated": 2
        },
        {
          "DayNumber": 15,
          "Under2": 18,
          "TwoAndOver": 1,
          "Hours20": null,
          "Plus10": 23,
          "Certificated": 1,
          "NonCertificated": 2
        },
        {
          "DayNumber": 16,
          "Under2": 18,
          "TwoAndOver": 1,
          "Hours20": null,
          "Plus10": 23,
          "Certificated": 1,
          "NonCertificated": 2
        },
        {
          "DayNumber": 17,
          "Under2": 18,
          "TwoAndOver": 1,
          "Hours20": null,
          "Plus10": 23,
          "Certificated": 1,
          "NonCertificated": 2
        },
        {
          "DayNumber": 18,
          "Under2": 18,
          "TwoAndOver": 1,
          "Hours20": null,
          "Plus10": 23,
          "Certificated": 1,
          "NonCertificated": 2
        },
        {
          "DayNumber": 19,
          "Under2": 18,
          "TwoAndOver": 1,
          "Hours20": null,
          "Plus10": 23,
          "Certificated": 1,
          "NonCertificated": 2
        },
        {
          "DayNumber": 20,
          "Under2": 18,
          "TwoAndOver": 1,
          "Hours20": null,
          "Plus10": 23,
          "Certificated": 1,
          "NonCertificated": 2
        },
        {
          "DayNumber": 21,
          "Under2": 18,
          "TwoAndOver": 1,
          "Hours20": null,
          "Plus10": 23,
          "Certificated": 1,
          "NonCertificated": 2
        },
        {
          "DayNumber": 22,
          "Under2": 18,
          "TwoAndOver": 1,
          "Hours20": null,
          "Plus10": 23,
          "Certificated": 1,
          "NonCertificated": 2
        },
        {
          "DayNumber": 23,
          "Under2": 18,
          "TwoAndOver": 1,
          "Hours20": null,
          "Plus10": 23,
          "Certificated": 1,
          "NonCertificated": 2
        },
        {
          "DayNumber": 24,
          "Under2": 18,
          "TwoAndOver": 1,
          "Hours20": null,
          "Plus10": 23,
          "Certificated": 1,
          "NonCertificated": 2
        },
        {
          "DayNumber": 25,
          "Under2": 18,
          "TwoAndOver": 1,
          "Hours20": null,
          "Plus10": 23,
          "Certificated": 1,
          "NonCertificated": 2
        },
        {
          "DayNumber": 26,
          "Under2": 18,
          "TwoAndOver": 1,
          "Hours20": null,
          "Plus10": 23,
          "Certificated": 1,
          "NonCertificated": 2
        },
        {
          "DayNumber": 27,
          "Under2": 18,
          "TwoAndOver": 1,
          "Hours20": null,
          "Plus10": 23,
          "Certificated": 1,
          "NonCertificated": 2
        },
        {
          "DayNumber": 28,
          "Under2": 18,
          "TwoAndOver": 1,
          "Hours20": null,
          "Plus10": 23,
          "Certificated": 1,
          "NonCertificated": 2
        },
        {
          "DayNumber": 29,
          "Under2": 18,
          "TwoAndOver": 1,
          "Hours20": null,
          "Plus10": 23,
          "Certificated": 1,
          "NonCertificated": 2
        },
        {
          "DayNumber": 30,
          "Under2": 18,
          "TwoAndOver": 1,
          "Hours20": null,
          "Plus10": 23,
          "Certificated": 1,
          "NonCertificated": 2
        },
        {
          "DayNumber": 31,
          "Under2": 18,
          "TwoAndOver": 1,
          "Hours20": null,
          "Plus10": 23,
          "Certificated": 1,
          "NonCertificated": 2
        }
      ]
    }
  ],
  "IsAttested": true,
  "Declaration": {
    "FullName": "Donald Trump",
    "ContactPhone": "021509753",
    "Role": "President",
    "IsDeclaredTrue": true
  },
  "RequestId": "76087"
}
