{
  "Data": [
    {
      "Id": 118001,
      "BusinessEntityId": "213efff7-65b3-4e3f-b651-81806d250a72",
      "OrganisationId": 114895,
      "RollType": "Rs7",
      "Received": "2020-11-30T15:45:22.653244+13:00",
      "Status": "InternalApproved",
      "AssignedTo": null,
      "FundingPeriodMonth": "July",
      "FundingYear": 2021,
      "FundingPeriodYear": 2020
    }
  ],
  "Pagination": {
    "PageSize": 10,
    "PageNumber": 1,
    "Count": 1
  }
}
