{
  "Data": [
    {
      "Id": 114001,
      "BusinessEntityId": "28a9f0f6-9bfd-4fc0-81e2-01e82d6a4dc1",
      "OrganisationId": 114895,
      "RollType": "Rs7",
      "Received": "2020-11-30T15:38:49.575458+13:00",
      "Status": "ExternalSubmittedForApproval",
      "AssignedTo": null,
      "FundingPeriodMonth": "July",
      "FundingYear": 2021,
      "FundingPeriodYear": 2020
    }
  ],
  "Pagination": {
    "PageSize": 10,
    "PageNumber": 1,
    "Count": 1
  }
}
