[
  {
    "EntitlementMonths": [],
    "OrganisationId": 258,
    "BusinessEntityId": "fa571f9c-c8bd-4769-9e13-02437119b7f3",
    "RequestId": "59116",
    "FundingPeriodMonth": null,
    "FundingYear": 0,
    "RevisionNumber": 1,
    "TotalWashUp": null,
    "TotalAdvance": null,
    "AdvanceMonths": [],
    "MatchingAdvanceMonths": [],
    "Equity": null
  }
]
