[
  {
    "EntitlementMonths": [],
    "OrganisationId": 5297,
    "BusinessEntityId": "a853f124-1590-451b-87df-40e42a6e9b3d",
    "RequestId": "59106",
    "FundingPeriodMonth": null,
    "FundingYear": 0,
    "RevisionNumber": 1,
    "TotalWashUp": null,
    "TotalAdvance": null,
    "AdvanceMonths": [],
    "MatchingAdvanceMonths": [],
    "Equity": null
  }
]
