[
  {
    "EntitlementMonths": [],
    "OrganisationId": 114895,
    "BusinessEntityId": "81f68cec-7924-49dc-ac3d-3a9c5bcc3ec0",
    "RequestId": "59108",
    "FundingPeriodMonth": null,
    "FundingYear": 0,
    "RevisionNumber": 1,
    "TotalWashUp": null,
    "TotalAdvance": null,
    "AdvanceMonths": [],
    "MatchingAdvanceMonths": [],
    "Equity": null
  }
]
