[
  {
    "EntitlementMonths": [],
    "OrganisationId": 114895,
    "BusinessEntityId": "276282ec-9755-40c0-84ce-a9cd54683db8",
    "RequestId": "59099",
    "FundingPeriodMonth": null,
    "FundingYear": 0,
    "RevisionNumber": 1,
    "TotalWashUp": null,
    "TotalAdvance": null,
    "AdvanceMonths": [],
    "MatchingAdvanceMonths": [],
    "Equity": null
  }
]
