{
  "Id": 170001,
  "BusinessEntityId": "5848239b-9e4a-477c-a0f7-3aac0617bce7",
  "OrganisationId": 114895,
  "FundingPeriod": "July",
  "FundingYear": 0,
  "FundingPeriodYear": 2020,
  "IsZeroReturn": false,
  "RollStatus": "InternalReadyForReview",
  "ReceivedDate": "2020-11-12T14:32:50.3013696+13:00",
  "RevisionNumber": 1,
  "RevisionDate": "2020-11-12T14:32:50.0057441+13:00",
  "AdvanceMonths": [
    {
      "Id": 0,
      "MonthNumber": 7,
      "Year": 2020,
      "AllDay": 2,
      "Sessional": 6,
      "ParentLed": 4
    },
    {
      "Id": 0,
      "MonthNumber": 8,
      "Year": 2020,
      "AllDay": 1,
      "Sessional": 4,
      "ParentLed": 2
    },
    {
      "Id": 0,
      "MonthNumber": 9,
      "Year": 2020,
      "AllDay": 3,
      "Sessional": 3,
      "ParentLed": 5
    },
    {
      "Id": 0,
      "MonthNumber": 10,
      "Year": 2020,
      "AllDay": 1,
      "Sessional": 3,
      "ParentLed": 2
    }
  ],
  "EntitlementMonths": [
    {
      "Id": 0,
      "MonthNumber": 2,
      "Year": 2020,
      "Days": [
        {
          "DayNumber": 1,
          "Under2": 5,
          "TwoAndOver": 3,
          "Hours20": 2,
          "Plus10": 4,
          "Certificated": 5,
          "NonCertificated": 6
        }
      ]
    },
    {
      "Id": 0,
      "MonthNumber": 3,
      "Year": 2020,
      "Days": [
        {
          "DayNumber": 1,
          "Under2": 5,
          "TwoAndOver": 3,
          "Hours20": 2,
          "Plus10": 4,
          "Certificated": 5,
          "NonCertificated": 6
        }
      ]
    },
    {
      "Id": 0,
      "MonthNumber": 4,
      "Year": 2020,
      "Days": [
        {
          "DayNumber": 1,
          "Under2": 5,
          "TwoAndOver": 3,
          "Hours20": 2,
          "Plus10": 4,
          "Certificated": 5,
          "NonCertificated": 6
        }
      ]
    },
    {
      "Id": 0,
      "MonthNumber": 5,
      "Year": 2020,
      "Days": [
        {
          "DayNumber": 1,
          "Under2": 5,
          "TwoAndOver": 3,
          "Hours20": 2,
          "Plus10": 4,
          "Certificated": 5,
          "NonCertificated": 6
        }
      ]
    }
  ],
  "IsAttested": true,
  "Declaration": {
    "Id": 0,
    "FullName": "",
    "ContactPhone": "",
    "Role": "",
    "IsDeclaredTrue": true
  },
  "RequestId": "170001"
}
